---
source: crates/gelx/tests/codegen.rs
expression: "&content"
---
pub mod example {
    use ::gelx::exports as e;
    /// Execute the desired query.
    pub async fn query(
        client: &e::gel_tokio::Client,
    ) -> core::result::Result<Vec<Output>, e::gel_errors::Error> {
        client.query(QUERY, &()).await
    }
    /// Compose the query as part of a larger transaction.
    pub async fn transaction(
        conn: &mut e::gel_tokio::Transaction,
    ) -> core::result::Result<Vec<Output>, e::gel_errors::Error> {
        conn.query(QUERY, &()).await
    }
    pub type Input = ();
    pub type Output = String;
    /// The original query string provided to the macro. Can be reused in your codebase.
    pub const QUERY: &str = "select {\"set\", \"of\", \"strings\"}";
}
